258:	STR
59:	;
258:	STR
59:	;
257:	INT
59:	;
260:	NUM
59:	;
unterminated comment
