258:	STR
59:	;
262:	INTEGER
263:	STRING
264:	NUMBER
261:	VOID
266:	PUBLIC
267:	CONST
268:	IF
269:	THEN
270:	ELSE
271:	WHILE
272:	DO
265:	FOR
273:	IN
274:	STEP
275:	UPTO
276:	DOWNTO
277:	BREAK
278:	CONTINUE
279:	GE
280:	LE
281:	DIF
282:	ASSIGN
283:	INC
284:	DEC
