258:	STR
59:	;
258:	STR
59:	;
258:	STR
59:	;
258:	STR
59:	;
258:	STR
59:	;
258:	STR
59:	;
258:	STR
59:	;
258:	STR
59:	;
258:	STR
59:	;
258:	STR
59:	;
258:	STR
59:	;
258:	STR
59:	;
258:	STR
59:	;
